// Jest Snapshot v1, https://goo.gl/fbAQLP

exports[`renders 1`] = `
<div>
  <div
    class="sc-ddjGPC fnvdBZ"
  >
    <main
      class="sc-dSCufp lokASu"
    >
      <h1
        class="sc-dcJsrY kcYYCr"
      >
        Welcome
      </h1>
      <p
        class="sc-eqUAAy kWNWSy"
      >
        Insert your Common Access Card to begin.
      </p>
    </main>
  </div>
</div>
`;
