// Jest Snapshot v1, https://goo.gl/fbAQLP

exports[`renders 1`] = `
<div>
  <div
    class="sc-jlZhew hVbvRB"
  >
    <main
      class="sc-dZoequ gTzqFs"
    >
      <h1
        class="sc-dcJsrY cbAbxH"
      >
        Welcome
      </h1>
      <p
        class="sc-eqUAAy ePbBJT"
      >
        Insert your Common Access Card to begin.
      </p>
    </main>
  </div>
</div>
`;
